This is pdfTeX, Version 3.141592653-2.6-1.40.25 (TeX Live 2023) (preloaded format=pdflatex 2026.4.25)  26 APR 2026 22:48
entering extended mode
 restricted \write18 enabled.
 file:line:error style messages enabled.
 %&-line parsing enabled.
**test.tex
(./test.tex
LaTeX2e <2022-11-01> patch level 1
L3 programming layer <2023-02-22>)
! Emergency stop.
<*> test.tex
            
*** (job aborted, no legal \end found)

 
Here is how much of TeX's memory you used:
 16 strings out of 476616
 371 string characters out of 5805159
 1849388 words of memory out of 6000000
 20410 multiletter control sequences out of 15000+600000
 512287 words of font info for 32 fonts, out of 8000000 for 9000
 846 hyphenation exceptions out of 8191
 13i,0n,12p,40b,10s stack positions out of 10000i,1000n,20000p,200000b,200000s
!  ==> Fatal error occurred, no output PDF file produced!
